// Vitest Snapshot v1, https://vitest.dev/guide/snapshot.html

exports[`refineCustomerItineraryDraft > pins the accepted refined draft tone 1`] = `
"<李先生一家 ✦ 專屬訂製> 清邁長輩友善7天6夜包車中文導遊行程
📅 日期：2025/08/04～2025/08/10
👨‍👩‍👧‍👦 人數：8大（含長輩；媽媽腿腳不舒服時可能需要輪椅，需確認輪椅是否可折疊、上下車是否需要協助、每天可步行時間；全程包車＋中文導遊；全程住宿清邁古城同一間民宿)
8/4 (二)
Day 1｜抵達清邁・換匯入住・古城慢遊
・清邁機場接機（華航10:20抵達）
・Nakhonping Exchange 換匯
午餐：Neng Roasted Pork（清邁必吃脆皮豬）
・民宿 check in/休息
・古城輕鬆散步或塔佩門周邊拍照（依長輩狀況調整）
晚餐：Samsen Villa
・住宿：清邁古城民宿

8/5 (三)
Day 2｜湄林近郊・花園與輕鬆親近動物
9:00 出發
・鮮花花園（以好拍照、步行量可控為主）
・大象便便造紙公園
午餐：Mai Heun 60 (泰北料理)
・蘭花園/蝴蝶園（可依長輩體力替換）
・咖啡廳休息
晚餐：Kung Yim Shop (2nd Branch) (泰國蝦吃到飽)
・住宿：清邁古城民宿

8/6 (四)
Day 3｜大象友善保護營・景點咖啡・清邁市區
9:00 出發
・大象友善保護營（以不騎象、餵食、互動、觀察為主；需確認長輩是否方便行走與營區動線）
午餐：營區或附近餐廳
・天使瀑布
・清邁藍廟
・水果市場
晚餐：清邁康托克帝王餐晚宴＆文化表演秀
・住宿：清邁古城民宿

8/7 (五)
Day 4｜茵他儂國家公園・高山慢遊
8:00 出發
・茵他儂國家公園主峰
・雙塔（依長輩行動狀況安排；步行量可調整）
午餐：山區餐廳或園區附近用餐
・苗族市場
・瓦吉拉瀑布（若步行不便，可改遠觀或縮短停留）
・咖啡廳休息
晚餐：謝桐興餐廳 (中式有名潮州菜)
・住宿：清邁古城民宿

8/8 (六)
Day 5｜素帖山・尼曼區・輕鬆購物
9:00 出發
・素帖山雙龍寺（可依長輩狀況評估是否上去，這間拜拜很靈）
・清邁大學周邊或寧曼區
午餐：待安排
・One Nimman/MAYA 周邊輕鬆逛街
・按摩或回飯店休息
・清邁夜間動物園（有遊園車，減少步行；建議大概傍晚16:30到園區）
晚餐：黑森林餐廳
・住宿：清邁古城民宿

8/9 (日)
Day 6｜週末市集・藝術村・伴手禮
9:00 出發
・真心市集（週末限定；預設只排一個週末市集，避免太累）
午餐：市集或附近餐廳
・Baan Kang Wat 藝術村（週二休；本日若非週二可安排）
・Big C/伴手禮採買
晚餐：GINGER FARM kitchen at ONENIMMAN Chiangmai
・住宿：清邁古城民宿

8/10 (一)
Day 7｜收心慢遊・送機
・早餐後退房/飯店整理行李
・9:30 送機，平安返家

有任何想調整的都可以隨時跟我們說，我們會一起把步調調到最舒服 🙂"
`;
