// Vitest Snapshot v1, https://vitest.dev/guide/snapshot.html

exports[`customerExplanation — natural-tone snapshot > all scenarios read like a travel-agent explanation 1`] = `
{
  "保留天使瀑布": "行程已依您的需求更新，這是最新版本，您再看看，有想調整的地方都可以跟我說～",
  "同住古城但想跑清萊": "為了不用每天換飯店、減少長輩搬行李的辛苦，清萊這邊建議排成一日往返，當天玩完再回原本住宿休息。",
  "客人臨時想加刺激景點": "「叢林飛索體驗」對長輩體力比較吃力，這次改安排「湄登大象友善半日（緩坡步道）」，一樣好玩又更輕鬆好走。",
  "末日送機仍想吃飯": "最後一天早上 09:30 就要送機，當天就不另外排正餐囉，想吃的可以放到前一天，行李也比較好整理。",
  "長輩體力變差": "我們會把整體步調再放慢，行程以輕鬆好走、好拍照為主。",
}
`;
